<html>
<body>
<pre>
<h1>�Vision Build Log</h1>
<h2>Tool Versions:</h2>
IDE-Version: ��Vision V5.27.1.0
Copyright (C) 2019 ARM Ltd and ARM Germany GmbH. All rights reserved.
License Information: X X, X, LIC=VGXG8-33BN8-8TF3P-MQ5A7-ZQP6T-GL03Z
 
Tool Versions:
Toolchain:       MDK-ARM Plus  Version: 5.27.1.0
Toolchain Path:  D:\Keil_v5\ARM\ARMCLANG\Bin
C Compiler:      ArmClang.exe V6.12
Assembler:       Armasm.exe V6.12
Linker/Locator:  ArmLink.exe V6.12
Library Manager: ArmAr.exe V6.12
Hex Converter:   FromElf.exe V6.12
CPU DLL:         SARMCM3.DLL V5.27.1.0
Dialog DLL:      DCM.DLL V1.17.2.0
Target DLL:      Segger\JL2CM3.dll V2.99.35.0
Dialog DLL:      TCM.DLL V1.36.1.0
 
<h2>Project:</h2>
E:\�浵����\hard_spi\watch_voice\MDK-ARM\demo.uvprojx
Project File Date:  04/18/2022

<h2>Output:</h2>
*** Using Compiler 'V6.12', folder: 'D:\Keil_v5\ARM\ARMCLANG\Bin'
Build target 'demo'
compiling lcd.c...
../Core/Src/bmp.c(1): warning: the current #pragma pack alignment value is modified in the included file [-Wpragma-pack]
#include "bmp.h"
         ^
../Core/Inc\bmp.h(2): note: previous '#pragma pack' directive that modifies alignment is here
#pragma pack(1) //强制1个字节对齐
        ^
../Core/Src/bmp.c(27): warning: passing 'uint8_t [10]' to parameter of type 'const TCHAR *' (aka 'const char *') converts between pointers to integer types with different sign [-Wpointer-sign]
    f_res = f_open(&file1, temp_text, FA_READ);
                           ^~~~~~~~~
../Middlewares/Third_Party/FatFs/src\ff.h(242): note: passing argument to parameter 'path' here
FRESULT f_open (FIL* fp, const TCHAR* path, BYTE mode);                         /* Open or create a file */
                                      ^
2 warnings generated.
compiling bmp.c...
../Core/Src/SPI_diskio.c(43): warning: the current #pragma pack alignment value is modified in the included file [-Wpragma-pack]
#include "bmp.h"
         ^
../Core/Inc\bmp.h(2): note: previous '#pragma pack' directive that modifies alignment is here
#pragma pack(1) //强制1个字节对齐
        ^
1 warning generated.
compiling SPI_diskio.c...
compiling my_lib.c...
../Drivers/LVGL/lvgl_driver/lv_port_disp.c(144): warning: incompatible pointer types passing 'lv_color_t *' (aka 'lv_color16_t *') to parameter of type 'uint16_t *' (aka 'unsigned short *') [-Wincompatible-pointer-types]
    my_LCD_Fill(area->x1, area->y1, area->x2, area->y2, color_p);
                                                        ^~~~~~~
../Drivers/LCD\lcd.h(25): note: passing argument to parameter 'color_p' here
void my_LCD_Fill(uint16_t xsta, uint16_t ysta, uint16_t xend, uint16_t yend, uint16_t *color_p);
                                                                                       ^
1 warning generated.
compiling lv_port_disp.c...
compiling tim.c...
../Core/Src/main.c(45): warning: the current #pragma pack alignment value is modified in the included file [-Wpragma-pack]
#include "bmp.h"
         ^
../Core/Inc\bmp.h(2): note: previous '#pragma pack' directive that modifies alignment is here
#pragma pack(1) //强制1个字节对齐
        ^
1 warning generated.
compiling main.c...
linking...
Program Size: Code=41160 RO-data=520 RW-data=376 ZI-data=42528  
FromELF: creating hex file...
"demo\demo.axf" - 0 Error(s), 5 Warning(s).

<h2>Software Packages used:</h2>

Package Vendor: ARM
                http://www.keil.com/pack/ARM.CMSIS.5.8.0.pack
                ARM.CMSIS.5.8.0
                CMSIS (Common Microcontroller Software Interface Standard)
   * Component: CORE Version: 5.5.0

Package Vendor: Keil
                http://www.keil.com/pack/Keil.STM32F4xx_DFP.2.15.0.pack
                Keil.STM32F4xx_DFP.2.15.0
                STMicroelectronics STM32F4 Series Device Support, Drivers and Examples

<h2>Collection of Component include folders:</h2>
  .\RTE\_demo
  D:\Users\xiaofei\AppData\Local\Arm\Packs\ARM\CMSIS\5.8.0\CMSIS\Core\Include
  D:\Users\xiaofei\AppData\Local\Arm\Packs\Keil\STM32F4xx_DFP\2.15.0\Drivers\CMSIS\Device\ST\STM32F4xx\Include

<h2>Collection of Component Files used:</h2>

   * Component: ARM::CMSIS:CORE:5.5.0
Build Time Elapsed:  00:00:04
</pre>
</body>
</html>
